// Jest Snapshot v1, https://goo.gl/fbAQLP

exports[`Renders Message 1`] = `
<View>
  <View>
    <TextInput
      allowFontScaling={true}
      onChangeText={[Function]}
      placeholder="Add Task..."
      rejectResponderTermination={true}
      underlineColorAndroid="transparent"
    />
  </View>
  <View
    accessible={true}
    focusable={true}
    onClick={[Function]}
    onResponderGrant={[Function]}
    onResponderMove={[Function]}
    onResponderRelease={[Function]}
    onResponderTerminate={[Function]}
    onResponderTerminationRequest={[Function]}
    onStartShouldSetResponder={[Function]}
    style={
      Object {
        "opacity": 1,
      }
    }
  >
    <Text>
      Submit
    </Text>
  </View>
</View>
`;
